documentation manifest: clean (14 root Git dependencies covered)
architecture: clean (172 modules, 284 owned edges)
Mathlib candidate layer: 42 modules
warning: PrimeFactorOscillations.Proof.AffinePairs.FixedProgressions: volatile proof module has 14 transitive dependents
warning: PrimeFactorOscillations.Proof.AffinePairs.NormalizedProgressions: volatile proof module has 13 transitive dependents
warning: PrimeFactorOscillations.Proof.Lower.ScaleRatios: volatile proof module has 15 transitive dependents
warning: PrimeFactorOscillations.Proof.Lower.ScaleWeights: volatile proof module has 16 transitive dependents
Run options: --seed 22861

# Running:

................

Finished in 0.103302s, 154.8864 runs/s, 803.4733 assertions/s.

16 runs, 83 assertions, 0 failures, 0 errors, 0 skips
formalization.yaml contains no TEMPLATE values
public boundary: clean (234 tracked paths, 8274665 bytes)
submission link: current
Lean source policy: clean (172 files)
Comparator boundary source: clean (2 theorem pairs)
metadata validator tests: clean
metadata: project fields valid
fast profile passed
