documentation manifest: clean (14 root Git dependencies covered)
architecture: clean (456 modules, 771 owned edges)
Mathlib candidate layer: 85 modules
warning: Solution: 900 Lean lines; split before 900
warning: PrimeFactorOscillations.Helpers.Robin1984.NicolasLandau.NicolasLandauPositiveStrip: 505 Lean lines; split before 900
warning: PrimeFactorOscillations.Helpers.Robin1984.NicolasLandau.NicolasLandauPositiveTailDerivative: 523 Lean lines; split before 900
warning: PrimeFactorOscillations.Helpers.Robin1984.NicolasLandau.NicolasOscillation: 562 Lean lines; split before 900
warning: PrimeFactorOscillations.Proof.AffinePairs.FixedProgressions: volatile proof module has 14 transitive dependents
warning: PrimeFactorOscillations.Proof.AffinePairs.NormalizedProgressions: volatile proof module has 13 transitive dependents
warning: PrimeFactorOscillations.Proof.Lower.AdditiveBandSigns: volatile proof module has 18 transitive dependents
warning: PrimeFactorOscillations.Proof.Lower.AdditiveRatios: volatile proof module has 35 transitive dependents
warning: PrimeFactorOscillations.Proof.Lower.AdditiveWindowReversals: volatile proof module has 15 transitive dependents
warning: PrimeFactorOscillations.Proof.Lower.PositivePowerWindows: volatile proof module has 14 transitive dependents
warning: PrimeFactorOscillations.Proof.Lower.ScaleRatios: volatile proof module has 40 transitive dependents
warning: PrimeFactorOscillations.Proof.Lower.ScaleWeights: volatile proof module has 41 transitive dependents
warning: PrimeFactorOscillations.Proof.PrimeClusters.CountBridge: volatile proof module has 20 transitive dependents
warning: PrimeFactorOscillations.Proof.PrimeClusters.CuberootCount: volatile proof module has 18 transitive dependents
warning: PrimeFactorOscillations.Proof.PrimeClusters.ExcessLower: volatile proof module has 20 transitive dependents
warning: PrimeFactorOscillations.Proof.PrimeClusters.PositiveWitness: volatile proof module has 18 transitive dependents
warning: PrimeFactorOscillations.Proof.PrimeClusters.PowerLogBound: volatile proof module has 19 transitive dependents
warning: PrimeFactorOscillations.Proof.PrimeClusters.QuantitativeClosed: volatile proof module has 17 transitive dependents
warning: PrimeFactorOscillations.Proof.PrimeClusters.ScaleCount: volatile proof module has 19 transitive dependents
warning: PrimeFactorOscillations.Proof.PrimeClusters.WeightBound: volatile proof module has 21 transitive dependents
warning: PrimeFactorOscillations.Proof.PrimeClusters.WindowCount: volatile proof module has 16 transitive dependents
warning: PrimeFactorOscillations.Proof.Upper.CanonicalDescent: volatile proof module has 19 transitive dependents
warning: PrimeFactorOscillations.Proof.Upper.FiniteMaximum: volatile proof module has 21 transitive dependents
warning: PrimeFactorOscillations.Proof.Upper.GapScaleCutoff: volatile proof module has 34 transitive dependents
warning: PrimeFactorOscillations.Proof.Upper.GeneralScaleRatios: volatile proof module has 37 transitive dependents
warning: PrimeFactorOscillations.Proof.Upper.IndexCutoff: volatile proof module has 19 transitive dependents
warning: PrimeFactorOscillations.Proof.Upper.RatioBounds: volatile proof module has 20 transitive dependents
warning: PrimeFactorOscillations.Proof.Upper.ScaleParameters: volatile proof module has 21 transitive dependents
warning: PrimeFactorOscillations.Proof.Upper.UniformDenominator: volatile proof module has 20 transitive dependents
warning: PrimeFactorOscillations.Proof.Upper.UniformRatios: volatile proof module has 19 transitive dependents
warning: PrimeFactorOscillations.Proof.Upper.UniformTail: volatile proof module has 16 transitive dependents
warning: PrimeFactorOscillations.Proof.Upper.UpperBound: volatile proof module has 15 transitive dependents
warning: PrimeFactorOscillations.Proof.Upper.WeightDenominator: volatile proof module has 21 transitive dependents
Run options: --seed 60689

# Running:

................

Finished in 0.139369s, 114.8033 runs/s, 595.5422 assertions/s.

16 runs, 83 assertions, 0 failures, 0 errors, 0 skips
formalization.yaml contains no TEMPLATE values
20 files already formatted
All checks passed!
Success: no issues found in 20 source files
........................................................................ [ 93%]
.....                                                                    [100%]
77 passed in 1.14s
Verified existing analytic view: 58065 artifacts; dependency builds: 0
Checking PrimeFactorOscillations.Definitions.QuadraticPrimeLaw
Checking PrimeFactorOscillations.Helpers.FamilyForcedRank
Checking PrimeFactorOscillations.Definitions.QuadraticPrimeProfile
Checking PrimeFactorOscillations.Helpers.QuadraticPrimeLog
Checking PrimeFactorOscillations.Helpers.QuadraticProfileAnalytic
Checking PrimeFactorOscillations.Helpers.QuadraticProfileTail
Checking PrimeFactorOscillations.Helpers.QuadraticProfileCoefficients
Checking PrimeFactorOscillations.Helpers.QuadraticProfilePositive
C:\Code\prime-factor-oscillations\PrimeFactorOscillations\Helpers\QuadraticProfilePositive.lean:69:5: warning: Variable name `hb` is not explicitly referenced.

Hint: The binding can be removed (if unused) or named `_` (if used implicitly). Alternatively, prefix the name with `_` to silence this warning:
  [apply] _hb

Note: This linter can be disabled with `set_option linter.unusedVariables false`
C:\Code\prime-factor-oscillations\PrimeFactorOscillations\Helpers\QuadraticProfilePositive.lean:81:2: warning: Unused tactic linter: `change
  -(law.logTailConstant b * tsum (fun p : Nat.Primes => (primeProfileWeight (p : Nat)) ^ 2)) ≤
    law.logProfile t` does nothing

Note: This linter can be disabled with `set_option linter.unusedTactic false`
Checking PrimeFactorOscillations.Helpers.QuadraticProfileSeries
Checking PrimeFactorOscillations.Helpers.QuadraticProfileDenominator
Checking PrimeFactorOscillations.Helpers.QuadraticProfileDerivative
Checking PrimeFactorOscillations.Helpers.QuadraticProfileApproximation
Checking PrimeFactorOscillations.Helpers.QuadraticProfileRootApproximation
Checking PrimeFactorOscillations.Helpers.QuadraticProfileSlope
Checking PrimeFactorOscillations.Helpers.QuadraticProfileRatio
Checking PrimeFactorOscillations.Helpers.QuadraticProfileClockSign
Checking PrimeFactorOscillations.Helpers.QuadraticProfileLinearization
C:\Code\prime-factor-oscillations\PrimeFactorOscillations\Helpers\QuadraticProfileLinearization.lean:94:8: warning: Used `tac1 <;> tac2` where `(tac1; tac2)` would suffice

Note: This linter can be disabled with `set_option linter.unnecessarySeqFocus false`
C:\Code\prime-factor-oscillations\PrimeFactorOscillations\Helpers\QuadraticProfileLinearization.lean:154:24: warning: Used `tac1 <;> tac2` where `(tac1; tac2)` would suffice

Note: This linter can be disabled with `set_option linter.unnecessarySeqFocus false`
Checking PrimeFactorOscillations.Helpers.QuadraticProfileMovingClockSign
Checking PrimeFactorOscillations.Helpers.QuadraticProfileReferenceCrossing
Checking PrimeFactorOscillations.Helpers.QuadraticProfileRootShift
Checking PrimeFactorOscillations.Helpers.FamilyNicolasTransfer
C:\Code\prime-factor-oscillations\PrimeFactorOscillations\Helpers\FamilyNicolasTransfer.lean:47:10: warning: Unused tactic linter: `ring` does nothing

Note: This linter can be disabled with `set_option linter.unusedTactic false`
C:\Code\prime-factor-oscillations\PrimeFactorOscillations\Helpers\FamilyNicolasTransfer.lean:82:10: warning: Unused tactic linter: `ring` does nothing

Note: This linter can be disabled with `set_option linter.unusedTactic false`
C:\Code\prime-factor-oscillations\PrimeFactorOscillations\Helpers\FamilyNicolasTransfer.lean:47:10: warning: this tactic is never executed

Note: This linter can be disabled with `set_option linter.unreachableTactic false`
C:\Code\prime-factor-oscillations\PrimeFactorOscillations\Helpers\FamilyNicolasTransfer.lean:82:10: warning: this tactic is never executed

Note: This linter can be disabled with `set_option linter.unreachableTactic false`
Checking PrimeFactorOscillations.Helpers.QuadraticProfileGenerating
Checking PrimeFactorOscillations.Helpers.PrimeLogReferenceCriterion
Checking PrimeFactorOscillations.Helpers.QuadraticPrimeCriterion
Checking PrimeFactorOscillations.Helpers.QuadraticProfileCanonicalLinearization
Checking PrimeFactorOscillations.Helpers.QuadraticProfileRH
C:\Code\prime-factor-oscillations\PrimeFactorOscillations\Helpers\QuadraticProfileRH.lean:70:4: warning: Used `tac1 <;> tac2` where `(tac1; tac2)` would suffice

Note: This linter can be disabled with `set_option linter.unnecessarySeqFocus false`
Checking PrimeFactorOscillations.Helpers.QuadraticProfileScale
C:\Code\prime-factor-oscillations\PrimeFactorOscillations\Helpers\QuadraticProfileScale.lean:51:4: warning: Used `tac1 <;> tac2` where `(tac1; tac2)` would suffice

Note: This linter can be disabled with `set_option linter.unnecessarySeqFocus false`
Checking PrimeFactorOscillations.Helpers.FamilyPrimeCombinations
Checking PrimeFactorOscillations.Helpers.ReciprocalSmoothRH
C:\Code\prime-factor-oscillations\PrimeFactorOscillations\Helpers\ReciprocalSmoothRH.lean:47:4: warning: Used `tac1 <;> tac2` where `(tac1; tac2)` would suffice

Note: This linter can be disabled with `set_option linter.unnecessarySeqFocus false`
Checking PrimeFactorOscillations.Helpers.AffinePrimeRH
Checking PrimeFactorOscillations.Helpers.QuadraticProbabilityRH
C:\Code\prime-factor-oscillations\PrimeFactorOscillations\Helpers\QuadraticProbabilityRH.lean:62:6: warning: Used `tac1 <;> tac2` where `(tac1; tac2)` would suffice

Note: This linter can be disabled with `set_option linter.unnecessarySeqFocus false`
Checking PrimeFactorOscillations.Helpers.ReciprocalSmoothRatioRH
Checking PrimeFactorOscillations.Helpers.AffineRatioRH
Checking PrimeFactorOscillations.Helpers.QuadraticMassRH
Checking PrimeFactorOscillations.Assembly.FamilyRHResults
Checking PrimeFactorOscillations.Assembly.RHResults
Checking PrimeFactorOscillations
Checking Solution
Checked 456 owned modules (418 unchanged reused); dependency builds: 0
Verified existing analytic view: 58065 artifacts; dependency builds: 0
Two public compiled types identical; 539 theorem closures use standard foundations only.
public boundary: clean (537 tracked paths, 11443549 bytes)
submission link: current
Lean source policy: clean (456 files)
Comparator boundary source: clean (2 theorem pairs)
metadata validator tests: clean
metadata: project fields valid
Python quality: clean
Owned Lean checked using prebuilt dependencies; full Lake lint not run
research profile passed
