documentation manifest: clean (14 root Git dependencies covered)
architecture: clean (456 modules, 771 owned edges)
Mathlib candidate layer: 85 modules
warning: Solution: 900 Lean lines; split before 900
warning: PrimeFactorOscillations.Helpers.Robin1984.NicolasLandau.NicolasLandauPositiveStrip: 505 Lean lines; split before 900
warning: PrimeFactorOscillations.Helpers.Robin1984.NicolasLandau.NicolasLandauPositiveTailDerivative: 523 Lean lines; split before 900
warning: PrimeFactorOscillations.Helpers.Robin1984.NicolasLandau.NicolasOscillation: 562 Lean lines; split before 900
warning: PrimeFactorOscillations.Proof.AffinePairs.FixedProgressions: volatile proof module has 14 transitive dependents
warning: PrimeFactorOscillations.Proof.AffinePairs.NormalizedProgressions: volatile proof module has 13 transitive dependents
warning: PrimeFactorOscillations.Proof.Lower.AdditiveBandSigns: volatile proof module has 18 transitive dependents
warning: PrimeFactorOscillations.Proof.Lower.AdditiveRatios: volatile proof module has 35 transitive dependents
warning: PrimeFactorOscillations.Proof.Lower.AdditiveWindowReversals: volatile proof module has 15 transitive dependents
warning: PrimeFactorOscillations.Proof.Lower.PositivePowerWindows: volatile proof module has 14 transitive dependents
warning: PrimeFactorOscillations.Proof.Lower.ScaleRatios: volatile proof module has 40 transitive dependents
warning: PrimeFactorOscillations.Proof.Lower.ScaleWeights: volatile proof module has 41 transitive dependents
warning: PrimeFactorOscillations.Proof.PrimeClusters.CountBridge: volatile proof module has 20 transitive dependents
warning: PrimeFactorOscillations.Proof.PrimeClusters.CuberootCount: volatile proof module has 18 transitive dependents
warning: PrimeFactorOscillations.Proof.PrimeClusters.ExcessLower: volatile proof module has 20 transitive dependents
warning: PrimeFactorOscillations.Proof.PrimeClusters.PositiveWitness: volatile proof module has 18 transitive dependents
warning: PrimeFactorOscillations.Proof.PrimeClusters.PowerLogBound: volatile proof module has 19 transitive dependents
warning: PrimeFactorOscillations.Proof.PrimeClusters.QuantitativeClosed: volatile proof module has 17 transitive dependents
warning: PrimeFactorOscillations.Proof.PrimeClusters.ScaleCount: volatile proof module has 19 transitive dependents
warning: PrimeFactorOscillations.Proof.PrimeClusters.WeightBound: volatile proof module has 21 transitive dependents
warning: PrimeFactorOscillations.Proof.PrimeClusters.WindowCount: volatile proof module has 16 transitive dependents
warning: PrimeFactorOscillations.Proof.Upper.CanonicalDescent: volatile proof module has 19 transitive dependents
warning: PrimeFactorOscillations.Proof.Upper.FiniteMaximum: volatile proof module has 21 transitive dependents
warning: PrimeFactorOscillations.Proof.Upper.GapScaleCutoff: volatile proof module has 34 transitive dependents
warning: PrimeFactorOscillations.Proof.Upper.GeneralScaleRatios: volatile proof module has 37 transitive dependents
warning: PrimeFactorOscillations.Proof.Upper.IndexCutoff: volatile proof module has 19 transitive dependents
warning: PrimeFactorOscillations.Proof.Upper.RatioBounds: volatile proof module has 20 transitive dependents
warning: PrimeFactorOscillations.Proof.Upper.ScaleParameters: volatile proof module has 21 transitive dependents
warning: PrimeFactorOscillations.Proof.Upper.UniformDenominator: volatile proof module has 20 transitive dependents
warning: PrimeFactorOscillations.Proof.Upper.UniformRatios: volatile proof module has 19 transitive dependents
warning: PrimeFactorOscillations.Proof.Upper.UniformTail: volatile proof module has 16 transitive dependents
warning: PrimeFactorOscillations.Proof.Upper.UpperBound: volatile proof module has 15 transitive dependents
warning: PrimeFactorOscillations.Proof.Upper.WeightDenominator: volatile proof module has 21 transitive dependents
Run options: --seed 38334

# Running:

................

Finished in 0.137188s, 116.6283 runs/s, 605.0092 assertions/s.

16 runs, 83 assertions, 0 failures, 0 errors, 0 skips
formalization.yaml contains no TEMPLATE values
public boundary: clean (543 tracked paths, 11927035 bytes)
submission link: current
Lean source policy: clean (456 files)
Comparator boundary source: clean (2 theorem pairs)
metadata validator tests: clean
metadata: project fields valid
fast profile passed
