This is pdfTeX, Version 3.141592653-2.6-1.40.29 (MiKTeX 26.2) (preloaded format=pdflatex.fmt)
 restricted \write18 enabled.
entering extended mode
(<REPO>/paper/research-paper.tex
LaTeX2e <2025-11-01>
L3 programming layer <2026-01-19>
(<USER>\AppData\Local\Programs\MiKTeX\tex/latex/base\article.cls
Document Class: article 2025/01/22 v1.4n Standard LaTeX document class
(<USER>\AppData\Local\Programs\MiKTeX\tex/latex/base\size11.clo))
(<USER>\AppData\Local\Programs\MiKTeX\tex/latex/amsmath\amsmath.sty
For additional information on amsmath, use the `?' option.
(<USER>\AppData\Local\Programs\MiKTeX\tex/latex/amsmath\amstext.sty
(<USER>\AppData\Local\Programs\MiKTeX\tex/latex/amsmath\amsgen.sty))
(<USER>\AppData\Local\Programs\MiKTeX\tex/latex/amsmath\amsbsy.sty)
(<USER>\AppData\Local\Programs\MiKTeX\tex/latex/amsmath\amsopn.sty))
(<USER>\AppData\Local\Programs\MiKTeX\tex/latex/amsfonts\amssymb.sty
(<USER>\AppData\Local\Programs\MiKTeX\tex/latex/amsfonts\amsfonts.sty))
 (<USER>\AppData\Local\Programs\MiKTeX\tex/latex/amscls\amsthm.sty)
(<USER>\AppData\Local\Programs\MiKTeX\tex/latex/hyperref\hyperref.sty
(<USER>\AppData\Local\Programs\MiKTeX\tex/generic/iftex\iftex.sty)
(<USER>\AppData\Local\Programs\MiKTeX\tex/latex/graphics\keyval.sty)
(<USER>\AppData\Local\Programs\MiKTeX\tex/latex/kvsetkeys\kvsetkeys.sty
)
(<USER>\AppData\Local\Programs\MiKTeX\tex/generic/kvdefinekeys\kvdefine
keys.sty)
(<USER>\AppData\Local\Programs\MiKTeX\tex/generic/pdfescape\pdfescape.s
ty
(<USER>\AppData\Local\Programs\MiKTeX\tex/generic/ltxcmds\ltxcmds.sty)
(<USER>\AppData\Local\Programs\MiKTeX\tex/generic/pdftexcmds\pdftexcmds
.sty
(<USER>\AppData\Local\Programs\MiKTeX\tex/generic/infwarerr\infwarerr.s
ty)))
(<USER>\AppData\Local\Programs\MiKTeX\tex/latex/hycolor\hycolor.sty)
(<USER>\AppData\Local\Programs\MiKTeX\tex/latex/hyperref\nameref.sty
(<USER>\AppData\Local\Programs\MiKTeX\tex/latex/refcount\refcount.sty)
(<USER>\AppData\Local\Programs\MiKTeX\tex/generic/gettitlestring\gettit
lestring.sty
(<USER>\AppData\Local\Programs\MiKTeX\tex/latex/kvoptions\kvoptions.sty
)))
(<USER>\AppData\Local\Programs\MiKTeX\tex/latex/etoolbox\etoolbox.sty)
(<USER>\AppData\Local\Programs\MiKTeX\tex/generic/stringenc\stringenc.s
ty) (<USER>\AppData\Local\Programs\MiKTeX\tex/latex/hyperref\pd1enc.def
) (<USER>\AppData\Local\Programs\MiKTeX\tex/generic/intcalc\intcalc.sty
) (<USER>\AppData\Local\Programs\MiKTeX\tex/latex/hyperref\puenc.def)
(<USER>\AppData\Local\Programs\MiKTeX\tex/latex/url\url.sty)
(<USER>\AppData\Local\Programs\MiKTeX\tex/generic/bitset\bitset.sty
(<USER>\AppData\Local\Programs\MiKTeX\tex/generic/bigintcalc\bigintcalc
.sty)))
(<USER>\AppData\Local\Programs\MiKTeX\tex/latex/hyperref\hpdftex.def
(<USER>\AppData\Local\Programs\MiKTeX\tex/latex/rerunfilecheck\rerunfil
echeck.sty
(<USER>\AppData\Local\Programs\MiKTeX\tex/generic/uniquecounter\uniquec
ounter.sty)))
(<USER>\AppData\Local\Programs\MiKTeX\tex/latex/l3backend\l3backend-pdf
tex.def) (<REPO>\paper\build\research-paper.aux)
(<REPO>\paper\build\research-paper.out)
(<REPO>\paper\build\research-paper.out)
(<USER>\AppData\Local\Programs\MiKTeX\tex/latex/amsfonts\umsa.fd)
(<USER>\AppData\Local\Programs\MiKTeX\tex/latex/amsfonts\umsb.fd)
[1{<USER>/AppData/Local/MiKTeX/fonts/map/pdftex/pdftex.map}] [2]
[3] [4] [5] [6] [7]
(<REPO>\paper\build\research-paper.aux) )<C:/Users/j
onas/AppData/Local/Programs/MiKTeX/fonts/type1/public/amsfonts/cm/cmbx10.pfb><C
:/Users/jonas/AppData/Local/Programs/MiKTeX/fonts/type1/public/amsfonts/cm/cmbx
12.pfb><<USER>/AppData/Local/Programs/MiKTeX/fonts/type1/public/amsfont
s/cm/cmex10.pfb><<USER>/AppData/Local/Programs/MiKTeX/fonts/type1/publi
c/amsfonts/cm/cmmi10.pfb><<USER>/AppData/Local/Programs/MiKTeX/fonts/ty
pe1/public/amsfonts/cm/cmmi8.pfb><<USER>/AppData/Local/Programs/MiKTeX/
fonts/type1/public/amsfonts/cm/cmr10.pfb><<USER>/AppData/Local/Programs
/MiKTeX/fonts/type1/public/amsfonts/cm/cmr12.pfb><<USER>/AppData/Local/
Programs/MiKTeX/fonts/type1/public/amsfonts/cm/cmr17.pfb><<USER>/AppDat
a/Local/Programs/MiKTeX/fonts/type1/public/amsfonts/cm/cmr8.pfb><<USER>
/AppData/Local/Programs/MiKTeX/fonts/type1/public/amsfonts/cm/cmsy10.pfb><C:/Us
ers/jonas/AppData/Local/Programs/MiKTeX/fonts/type1/public/amsfonts/cm/cmsy6.pf
b><<USER>/AppData/Local/Programs/MiKTeX/fonts/type1/public/amsfonts/cm/
cmsy8.pfb><<USER>/AppData/Local/Programs/MiKTeX/fonts/type1/public/amsf
onts/cm/cmti10.pfb>
Output written on <REPO>\paper\build\research-paper.
pdf (7 pages, 208582 bytes).
Transcript written on <REPO>\paper\build\research-pa
per.log.
