documentation manifest: clean (14 root Git dependencies covered)
architecture: clean (167 modules, 279 owned edges)
Mathlib candidate layer: 37 modules
warning: PrimeFactorOscillations.Proof.AffinePairs.FixedProgressions: volatile proof module has 14 transitive dependents
warning: PrimeFactorOscillations.Proof.AffinePairs.NormalizedProgressions: volatile proof module has 13 transitive dependents
warning: PrimeFactorOscillations.Proof.Lower.ScaleRatios: volatile proof module has 15 transitive dependents
warning: PrimeFactorOscillations.Proof.Lower.ScaleWeights: volatile proof module has 16 transitive dependents
Run options: --seed 35360

# Running:

................

Finished in 0.036729s, 435.6243 runs/s, 2259.8009 assertions/s.

16 runs, 83 assertions, 0 failures, 0 errors, 0 skips
formalization.yaml contains no TEMPLATE values
15 files already formatted
All checks passed!
Success: no issues found in 15 source files
...................................................                      [100%]
51 passed in 1.45s
Verified existing analytic view: 57142 artifacts; dependency builds: 0
Checked 167 owned modules (167 unchanged reused); dependency builds: 0
Two public compiled types identical; 12 theorem closures use standard foundations only.
public boundary: clean (220 tracked paths, 8062929 bytes)
submission link: current
Lean source policy: clean (167 files)
Comparator boundary source: clean (2 theorem pairs)
metadata validator tests: clean
metadata: project fields valid
Python quality: clean
Owned Lean checked using prebuilt dependencies; full Lake lint not run
research profile passed
