This is pdfTeX, Version 3.141592653-2.6-1.40.29 (MiKTeX 26.2) (preloaded format=pdflatex.fmt)
 restricted \write18 enabled.
entering extended mode
(C:/Code/prime-factor-oscillations/paper/research-paper.tex
LaTeX2e <2025-11-01>
L3 programming layer <2026-01-19>
(<USER>\AppData\Local\Programs\MiKTeX\tex/latex/base\article.cls
Document Class: article 2025/01/22 v1.4n Standard LaTeX document class
(<USER>\AppData\Local\Programs\MiKTeX\tex/latex/base\size11.clo))
(<USER>\AppData\Local\Programs\MiKTeX\tex/latex/amsmath\amsmath.sty
For additional information on amsmath, use the `?' option.
(<USER>\AppData\Local\Programs\MiKTeX\tex/latex/amsmath\amstext.sty
(<USER>\AppData\Local\Programs\MiKTeX\tex/latex/amsmath\amsgen.sty))
(<USER>\AppData\Local\Programs\MiKTeX\tex/latex/amsmath\amsbsy.sty)
(<USER>\AppData\Local\Programs\MiKTeX\tex/latex/amsmath\amsopn.sty))
(<USER>\AppData\Local\Programs\MiKTeX\tex/latex/amsfonts\amssymb.sty
(<USER>\AppData\Local\Programs\MiKTeX\tex/latex/amsfonts\amsfonts.sty))
 (<USER>\AppData\Local\Programs\MiKTeX\tex/latex/amscls\amsthm.sty)
(<USER>\AppData\Local\Programs\MiKTeX\tex/latex/hyperref\hyperref.sty
(<USER>\AppData\Local\Programs\MiKTeX\tex/generic/iftex\iftex.sty)
(<USER>\AppData\Local\Programs\MiKTeX\tex/latex/graphics\keyval.sty)
(<USER>\AppData\Local\Programs\MiKTeX\tex/latex/kvsetkeys\kvsetkeys.sty
)
(<USER>\AppData\Local\Programs\MiKTeX\tex/generic/kvdefinekeys\kvdefine
keys.sty)
(<USER>\AppData\Local\Programs\MiKTeX\tex/generic/pdfescape\pdfescape.s
ty
(<USER>\AppData\Local\Programs\MiKTeX\tex/generic/ltxcmds\ltxcmds.sty)
(<USER>\AppData\Local\Programs\MiKTeX\tex/generic/pdftexcmds\pdftexcmds
.sty
(<USER>\AppData\Local\Programs\MiKTeX\tex/generic/infwarerr\infwarerr.s
ty)))
(<USER>\AppData\Local\Programs\MiKTeX\tex/latex/hycolor\hycolor.sty)
(<USER>\AppData\Local\Programs\MiKTeX\tex/latex/hyperref\nameref.sty
(<USER>\AppData\Local\Programs\MiKTeX\tex/latex/refcount\refcount.sty)
(<USER>\AppData\Local\Programs\MiKTeX\tex/generic/gettitlestring\gettit
lestring.sty
(<USER>\AppData\Local\Programs\MiKTeX\tex/latex/kvoptions\kvoptions.sty
)))
(<USER>\AppData\Local\Programs\MiKTeX\tex/latex/etoolbox\etoolbox.sty)
(<USER>\AppData\Local\Programs\MiKTeX\tex/generic/stringenc\stringenc.s
ty) (<USER>\AppData\Local\Programs\MiKTeX\tex/latex/hyperref\pd1enc.def
) (<USER>\AppData\Local\Programs\MiKTeX\tex/generic/intcalc\intcalc.sty
) (<USER>\AppData\Local\Programs\MiKTeX\tex/latex/hyperref\puenc.def)
(<USER>\AppData\Local\Programs\MiKTeX\tex/latex/url\url.sty)
(<USER>\AppData\Local\Programs\MiKTeX\tex/generic/bitset\bitset.sty
(<USER>\AppData\Local\Programs\MiKTeX\tex/generic/bigintcalc\bigintcalc
.sty)))
(<USER>\AppData\Local\Programs\MiKTeX\tex/latex/hyperref\hpdftex.def
(<USER>\AppData\Local\Programs\MiKTeX\tex/latex/rerunfilecheck\rerunfil
echeck.sty
(<USER>\AppData\Local\Programs\MiKTeX\tex/generic/uniquecounter\uniquec
ounter.sty)))
(<USER>\AppData\Local\Programs\MiKTeX\tex/latex/l3backend\l3backend-pdf
tex.def) (<REPOSITORY>\paper\research-paper.aux)
(<REPOSITORY>\paper\research-paper.out)
(<REPOSITORY>\paper\research-paper.out)
(<USER>\AppData\Local\Programs\MiKTeX\tex/latex/amsfonts\umsa.fd)
(<USER>\AppData\Local\Programs\MiKTeX\tex/latex/amsfonts\umsb.fd)
[1{C:/Users/jonas/AppData/Local/MiKTeX/fonts/map/pdftex/pdftex.map}] [2]
[3] [4] [5] [6] [7] [8] [9] [10] [11] [12] [13] [14] [15] [16] [17] [18]
[19] [20] [21] [22] [23] [24] [25] [26] [27] [28] [29] [30]
(<REPOSITORY>\paper\research-paper.aux) ) <<USER>\
AppData\Local\MiKTeX\fonts/pk/ljfour/jknappen/ec/dpi600\tcrm1000.pk> <C:\Users\
jonas\AppData\Local\MiKTeX\fonts/pk/ljfour/jknappen/ec/dpi600\tcrm1095.pk><C:/U
sers/jonas/AppData/Local/Programs/MiKTeX/fonts/type1/public/amsfonts/cm/cmbx10.
pfb><C:/Users/jonas/AppData/Local/Programs/MiKTeX/fonts/type1/public/amsfonts/c
m/cmbx12.pfb><C:/Users/jonas/AppData/Local/Programs/MiKTeX/fonts/type1/public/a
msfonts/cm/cmex10.pfb><C:/Users/jonas/AppData/Local/Programs/MiKTeX/fonts/type1
/public/amsfonts/cm/cmmi10.pfb><C:/Users/jonas/AppData/Local/Programs/MiKTeX/fo
nts/type1/public/amsfonts/cm/cmmi6.pfb><C:/Users/jonas/AppData/Local/Programs/M
iKTeX/fonts/type1/public/amsfonts/cm/cmmi7.pfb><C:/Users/jonas/AppData/Local/Pr
ograms/MiKTeX/fonts/type1/public/amsfonts/cm/cmmi8.pfb><C:/Users/jonas/AppData/
Local/Programs/MiKTeX/fonts/type1/public/amsfonts/cm/cmr10.pfb><C:/Users/jonas/
AppData/Local/Programs/MiKTeX/fonts/type1/public/amsfonts/cm/cmr12.pfb><C:/User
s/jonas/AppData/Local/Programs/MiKTeX/fonts/type1/public/amsfonts/cm/cmr17.pfb>
<C:/Users/jonas/AppData/Local/Programs/MiKTeX/fonts/type1/public/amsfonts/cm/cm
r7.pfb><C:/Users/jonas/AppData/Local/Programs/MiKTeX/fonts/type1/public/amsfont
s/cm/cmr8.pfb><C:/Users/jonas/AppData/Local/Programs/MiKTeX/fonts/type1/public/
amsfonts/cm/cmsy10.pfb><C:/Users/jonas/AppData/Local/Programs/MiKTeX/fonts/type
1/public/amsfonts/cm/cmsy6.pfb><C:/Users/jonas/AppData/Local/Programs/MiKTeX/fo
nts/type1/public/amsfonts/cm/cmsy7.pfb><C:/Users/jonas/AppData/Local/Programs/M
iKTeX/fonts/type1/public/amsfonts/cm/cmsy8.pfb><C:/Users/jonas/AppData/Local/Pr
ograms/MiKTeX/fonts/type1/public/amsfonts/cm/cmti10.pfb><C:/Users/jonas/AppData
/Local/Programs/MiKTeX/fonts/type1/public/amsfonts/cm/cmtt10.pfb><C:/Users/jona
s/AppData/Local/Programs/MiKTeX/fonts/type1/public/amsfonts/symbols/msbm10.pfb>

Output written on <REPOSITORY>\paper\research-paper.pdf (3
0 pages, 413555 bytes).
Transcript written on <REPOSITORY>\paper\research-paper.lo
g.
